[www.libpng.org/pub/png/spec/1.2/PNG-Contents.html]
[backblue.gif]
[fade.gif]
[index.html]
[www.libpng.org/pub/png/spec/1.2/PNG-Credits.html]
[www.libpng.org/pub/png/spec/1.2/PNG-Resources.html]
[www.libpng.org/pub/png/spec/1.2/PNG-Introduction.html]
[www.libpng.org/pub/png/spec/1.2/PNG-DataRep.html]
[www.libpng.org/pub/png/spec/1.2/PNG-Structure.html]
[www.libpng.org/pub/png/spec/1.2/PNG-Chunks.html]
[www.libpng.org/pub/png/spec/1.2/PNG-Compression.html]
[www.libpng.org/pub/png/spec/1.2/PNG-Filters.html]
[www.libpng.org/pub/png/spec/1.2/PNG-Ordering.html]
[www.libpng.org/pub/png/spec/1.2/PNG-Misc.html]
[www.libpng.org/pub/png/spec/1.2/PNG-Encoders.html]
[www.libpng.org/pub/png/spec/1.2/PNG-Decoders.html]
[www.libpng.org/pub/png/spec/1.2/PNG-Glossary.html]
[www.libpng.org/pub/png/spec/1.2/PNG-Rationale.html]
[www.libpng.org/pub/png/spec/1.2/PNG-GammaAppendix.html]
[www.libpng.org/pub/png/spec/1.2/PNG-ColorAppendix.html]
[www.libpng.org/pub/png/spec/1.2/PNG-CRCAppendix.html]
[www.libpng.org/pub/png/spec/1.2/PNG-History.html]
[www.libpng.org/pub/png/spec/1.2/PNG-Contents.html]
[www.libpng.org/pub/png/spec/1.2/PNG-Credits.html]
[www.libpng.org/pub/png/spec/1.2/PNG-Resources.html]
[www.libpng.org/pub/png/spec/1.2/PNG-Introduction.html]
[www.libpng.org/pub/png/spec/1.2/PNG-DataRep.html]
[www.libpng.org/pub/png/spec/1.2/PNG-Structure.html]
[www.libpng.org/pub/png/spec/1.2/PNG-Chunks.html]
[www.libpng.org/pub/png/spec/1.2/PNG-Compression.html]
[www.libpng.org/pub/png/spec/1.2/PNG-Filters.html]
[www.libpng.org/pub/png/spec/1.2/PNG-Ordering.html]
[www.libpng.org/pub/png/spec/1.2/PNG-Misc.html]
[www.libpng.org/pub/png/spec/1.2/PNG-Encoders.html]
[www.libpng.org/pub/png/spec/1.2/PNG-Decoders.html]
[www.libpng.org/pub/png/spec/1.2/PNG-Glossary.html]
[www.libpng.org/pub/png/spec/1.2/PNG-Rationale.html]
[www.libpng.org/pub/png/spec/1.2/PNG-GammaAppendix.html]
[www.libpng.org/pub/png/spec/1.2/PNG-ColorAppendix.html]
[www.libpng.org/pub/png/spec/1.2/PNG-CRCAppendix.html]
[www.libpng.org/pub/png/spec/1.2/PNG-History.html]
[www.libpng.org/pub/png/spec/1.2/PNG-References.html]
[www.libpng.org/pub/png/spec/1.2/PNG-References.html]
[ftp.uu.net/graphics/png/images/suite/gamma.png]
